Bienvenue sur le service Malad'If !

 Saisir une action a effectuer :

Affichage de la liste des maladies ...

 Saisir une action a effectuer :
