Bienvenue sur le service Malad'If ! 

 Saisir une action a effectuer : 

Affichage de la liste des maladies ...
[33mWarning, la base ne contient pas de maladie référencée[m
 Saisir une action a effectuer : 

