Bienvenue sur le service Malad'If ! 

 Saisir une action a effectuer : 

Succes de l'envoi du fichier d'empreintes
Chargement de BD...
Chargement termine
 Saisir une action a effectuer : 

Affichage des détails de la maladie ...
1;AA;18.713158;23.035148;173.707814;M8

 Saisir une action a effectuer : 

