Erreur, le format de l'empreinte n'est pas valide

