Bienvenue sur le service Malad'If !

 Saisir une action a effectuer :

Affichage de la liste des maladies ...
[33mWarning, la base ne contient pas de maladie r√©f√©renc√©e[m
 Saisir une action a effectuer :
