Fichier introuvable ou impossible Ã  ouvrir : ./faux.txt
