Warning, la base ne contient pas de maladie référencée