Erreur, impossible de lire la valeur de la maladie