Warning : erreur de calcul pour l'empreinte 10 sur l'attribut AttrName