Fichier introuvable ou impossible Ã  ouvrir : ../../GLUML2018/GLUML2018/test.txt
