Bienvenue sur le service Malad'If ! 

 Saisir une action a effectuer : 

Succes de l'envoi du fichier d'empreintes
Chargement de BD...
Chargement termine
 Saisir une action a effectuer : 

Demande d'analyse ...
0;AA;152.522202;147.966462;132.340194;None
1;AA;18.713158;23.035148;173.707814;None

 Saisir une action a effectuer : 

