1;20;50;True;10;Maladie1
2;22;40;True;9;Maladie1
7;21;50;True;7;Maladie1