Warning, aucune maladie ne correspond Ã  l'empreinte
Maladies connues : 
Maladie1
Maladie2
Maladie3