Bienvenue sur le service Malad'If ! 

 Saisir une action a effectuer : 

Succes de l'envoi du fichier d'empreintes
Chargement de BD...
Chargement termine
 Saisir une action a effectuer : 

Affichage de la liste des maladies ...
M0

M8

 Saisir une action a effectuer : 

