Bienvenue sur le service Malad'If ! 

 Saisir une action a effectuer :

