1;True;15;45;78;10;250;Maladie1
1;True;15;45;78;10;250;Maladie2
2;False;50;80;90;100;Maladie3
3;None;15;45;78;10;250;Maladie1